// Jest Snapshot v1, https://goo.gl/fbAQLP

exports[`renders learn react link 1`] = `
<DocumentFragment>
  <div
    class="App"
  >
    <form>
      <label>
        Search
        <br />
      </label>
      <input
        name="search"
        placeholder="search"
        type="search"
        value=""
      />
    </form>
    <div>
      Search for: ...
    </div>
  </div>
</DocumentFragment>
`;
